// Jest Snapshot v1, https://goo.gl/fbAQLP

exports[`renders the component 1`] = `
<div
  className=" "
>
  <nav
    className="navbar navbar-expand-lg     navbar-light   bg-transparent custom-nav"
  >
    <h2
      className="navbar-brand"
    >
      SpaceX
    </h2>
    <button
      aria-controls="navbarSupportedContent"
      aria-expanded="false"
      aria-label="Toggle navigation"
      className="navbar-toggler"
      data-target="#navbarSupportedContent"
      data-toggle="collapse"
      type="button"
    >
      <span
        className="navbar-toggler-icon"
      />
    </button>
    <div
      className="collapse navbar-collapse justify-content-center"
      id="navbarSupportedContent"
    >
      <ul
        className="navbar-nav mr-aut0  "
      >
        <li
          className="nav-item text-white ml-5"
        >
          <span
            className="nav-link text-white"
          >
            Â© Created By Syed Sabtain
          </span>
        </li>
        <li
          className="nav-item ml-5"
        >
          <a
            href="https://github.com/syedsabtain"
            target="blank"
          >
            <i
              className="fab fa-github fa-2x"
            />
          </a>
        </li>
      </ul>
    </div>
  </nav>
  <div
    className="container mr-0 ml-0"
  >
    <div
      className="row "
    >
      <div
        className="col-md-3 "
      >
        <List
          handleIdChange={[Function]}
        />
      </div>
      <div
        className="col-md-9 justify-content-start "
      >
        <LaunchProfile
          id={1}
        />
      </div>
    </div>
  </div>
</div>
`;
